(TranslationUnit (SymbolTable 1 {swap_m: (Module (SymbolTable 2 {swap_t: (Template (SymbolTable 3 {swap_: (Subroutine (SymbolTable 6 {tmp: (Variable 6 tmp Local () () Default (Derived 3 t []) Source Private Required .false.), x: (Variable 6 x InOut () () Default (Derived 3 t []) Source Private Required .false.), y: (Variable 6 y InOut () () Default (Derived 3 t []) Source Private Required .false.)}) swap_ [(Var 6 x) (Var 6 y)] [(= (Var 6 tmp) (Var 6 x) ()) (= (Var 6 x) (Var 6 y) ()) (= (Var 6 y) (Var 6 tmp) ())] Source Private Implementation () .false. .false.), t: (DerivedType (SymbolTable 5 {}) t [] Source Private ()), t_pair: (DerivedType (SymbolTable 4 {i: (Variable 4 i Local () () Default (Integer 4 []) Source Private Required .false.), x: (Variable 4 x Local () () Default (Real 4 []) Source Private Required .false.)}) t_pair [i x] Source Private ())}) [(TypeParameter t)] [] [])}) swap_m [] .false. .false.)}) [])
